------------------------------------------------------------
Timing Analyzer Summary
------------------------------------------------------------

Type  : Slow 1200mV 85C Model Setup 'SM1:S0|fstate.state9'
Slack : -11.287
TNS   : -11.287

Type  : Slow 1200mV 85C Model Setup 'divisorGenerico:fazDivisaoInteiro1|tick'
Slack : -8.179
TNS   : -282.181

Type  : Slow 1200mV 85C Model Setup 'CLOCK_50'
Slack : -4.278
TNS   : -84.076

Type  : Slow 1200mV 85C Model Hold 'CLOCK_50'
Slack : 0.441
TNS   : 0.000

Type  : Slow 1200mV 85C Model Hold 'divisorGenerico:fazDivisaoInteiro1|tick'
Slack : 0.703
TNS   : 0.000

Type  : Slow 1200mV 85C Model Hold 'SM1:S0|fstate.state9'
Slack : 3.990
TNS   : 0.000

Type  : Slow 1200mV 85C Model Recovery 'divisorGenerico:fazDivisaoInteiro1|tick'
Slack : -2.150
TNS   : -38.126

Type  : Slow 1200mV 85C Model Removal 'divisorGenerico:fazDivisaoInteiro1|tick'
Slack : 1.380
TNS   : 0.000

Type  : Slow 1200mV 85C Model Minimum Pulse Width 'CLOCK_50'
Slack : -3.000
TNS   : -37.695

Type  : Slow 1200mV 85C Model Minimum Pulse Width 'divisorGenerico:fazDivisaoInteiro1|tick'
Slack : -1.285
TNS   : -50.115

Type  : Slow 1200mV 85C Model Minimum Pulse Width 'SM1:S0|fstate.state9'
Slack : 0.452
TNS   : 0.000

Type  : Slow 1200mV 0C Model Setup 'SM1:S0|fstate.state9'
Slack : -10.306
TNS   : -10.306

Type  : Slow 1200mV 0C Model Setup 'divisorGenerico:fazDivisaoInteiro1|tick'
Slack : -7.455
TNS   : -256.162

Type  : Slow 1200mV 0C Model Setup 'CLOCK_50'
Slack : -3.805
TNS   : -74.504

Type  : Slow 1200mV 0C Model Hold 'CLOCK_50'
Slack : 0.400
TNS   : 0.000

Type  : Slow 1200mV 0C Model Hold 'divisorGenerico:fazDivisaoInteiro1|tick'
Slack : 0.639
TNS   : 0.000

Type  : Slow 1200mV 0C Model Hold 'SM1:S0|fstate.state9'
Slack : 3.714
TNS   : 0.000

Type  : Slow 1200mV 0C Model Recovery 'divisorGenerico:fazDivisaoInteiro1|tick'
Slack : -1.854
TNS   : -32.162

Type  : Slow 1200mV 0C Model Removal 'divisorGenerico:fazDivisaoInteiro1|tick'
Slack : 1.252
TNS   : 0.000

Type  : Slow 1200mV 0C Model Minimum Pulse Width 'CLOCK_50'
Slack : -3.000
TNS   : -37.695

Type  : Slow 1200mV 0C Model Minimum Pulse Width 'divisorGenerico:fazDivisaoInteiro1|tick'
Slack : -1.285
TNS   : -50.115

Type  : Slow 1200mV 0C Model Minimum Pulse Width 'SM1:S0|fstate.state9'
Slack : 0.486
TNS   : 0.000

Type  : Fast 1200mV 0C Model Setup 'SM1:S0|fstate.state9'
Slack : -5.490
TNS   : -5.490

Type  : Fast 1200mV 0C Model Setup 'divisorGenerico:fazDivisaoInteiro1|tick'
Slack : -3.651
TNS   : -124.593

Type  : Fast 1200mV 0C Model Setup 'CLOCK_50'
Slack : -1.668
TNS   : -27.257

Type  : Fast 1200mV 0C Model Hold 'CLOCK_50'
Slack : 0.200
TNS   : 0.000

Type  : Fast 1200mV 0C Model Hold 'divisorGenerico:fazDivisaoInteiro1|tick'
Slack : 0.325
TNS   : 0.000

Type  : Fast 1200mV 0C Model Hold 'SM1:S0|fstate.state9'
Slack : 1.798
TNS   : 0.000

Type  : Fast 1200mV 0C Model Recovery 'divisorGenerico:fazDivisaoInteiro1|tick'
Slack : -0.578
TNS   : -7.478

Type  : Fast 1200mV 0C Model Removal 'divisorGenerico:fazDivisaoInteiro1|tick'
Slack : 0.659
TNS   : 0.000

Type  : Fast 1200mV 0C Model Minimum Pulse Width 'CLOCK_50'
Slack : -3.000
TNS   : -37.922

Type  : Fast 1200mV 0C Model Minimum Pulse Width 'divisorGenerico:fazDivisaoInteiro1|tick'
Slack : -1.000
TNS   : -39.000

Type  : Fast 1200mV 0C Model Minimum Pulse Width 'SM1:S0|fstate.state9'
Slack : 0.415
TNS   : 0.000

------------------------------------------------------------
