------------------------------------------------------------
Timing Analyzer Summary
------------------------------------------------------------

Type  : Slow 1200mV 85C Model Setup 'SM1:S0|fstate.state14'
Slack : -17.066
TNS   : -17.066

Type  : Slow 1200mV 85C Model Setup 'SW[1]'
Slack : -12.249
TNS   : -378.385

Type  : Slow 1200mV 85C Model Setup 'CLOCK_50'
Slack : -2.587
TNS   : -140.648

Type  : Slow 1200mV 85C Model Hold 'SW[1]'
Slack : -0.581
TNS   : -0.581

Type  : Slow 1200mV 85C Model Hold 'CLOCK_50'
Slack : 0.389
TNS   : 0.000

Type  : Slow 1200mV 85C Model Hold 'SM1:S0|fstate.state14'
Slack : 6.032
TNS   : 0.000

Type  : Slow 1200mV 85C Model Minimum Pulse Width 'CLOCK_50'
Slack : -3.000
TNS   : -112.225

Type  : Slow 1200mV 85C Model Minimum Pulse Width 'SW[1]'
Slack : -3.000
TNS   : -59.540

Type  : Slow 1200mV 85C Model Minimum Pulse Width 'SM1:S0|fstate.state14'
Slack : 0.476
TNS   : 0.000

Type  : Slow 1200mV 0C Model Setup 'SM1:S0|fstate.state14'
Slack : -15.643
TNS   : -15.643

Type  : Slow 1200mV 0C Model Setup 'SW[1]'
Slack : -11.158
TNS   : -344.057

Type  : Slow 1200mV 0C Model Setup 'CLOCK_50'
Slack : -2.275
TNS   : -118.827

Type  : Slow 1200mV 0C Model Hold 'SW[1]'
Slack : -0.646
TNS   : -0.646

Type  : Slow 1200mV 0C Model Hold 'CLOCK_50'
Slack : 0.348
TNS   : 0.000

Type  : Slow 1200mV 0C Model Hold 'SM1:S0|fstate.state14'
Slack : 5.588
TNS   : 0.000

Type  : Slow 1200mV 0C Model Minimum Pulse Width 'CLOCK_50'
Slack : -3.000
TNS   : -112.225

Type  : Slow 1200mV 0C Model Minimum Pulse Width 'SW[1]'
Slack : -3.000
TNS   : -59.540

Type  : Slow 1200mV 0C Model Minimum Pulse Width 'SM1:S0|fstate.state14'
Slack : 0.404
TNS   : 0.000

Type  : Fast 1200mV 0C Model Setup 'SM1:S0|fstate.state14'
Slack : -8.320
TNS   : -8.320

Type  : Fast 1200mV 0C Model Setup 'SW[1]'
Slack : -5.748
TNS   : -172.882

Type  : Fast 1200mV 0C Model Setup 'CLOCK_50'
Slack : -0.797
TNS   : -27.915

Type  : Fast 1200mV 0C Model Hold 'SW[1]'
Slack : -0.270
TNS   : -0.270

Type  : Fast 1200mV 0C Model Hold 'CLOCK_50'
Slack : 0.179
TNS   : 0.000

Type  : Fast 1200mV 0C Model Hold 'SM1:S0|fstate.state14'
Slack : 2.894
TNS   : 0.000

Type  : Fast 1200mV 0C Model Minimum Pulse Width 'CLOCK_50'
Slack : -3.000
TNS   : -112.413

Type  : Fast 1200mV 0C Model Minimum Pulse Width 'SW[1]'
Slack : -3.000
TNS   : -72.521

Type  : Fast 1200mV 0C Model Minimum Pulse Width 'SM1:S0|fstate.state14'
Slack : 0.398
TNS   : 0.000

------------------------------------------------------------
